Error with Permissions-Policy header: Unrecognized feature: 'browsing-topics'.
Error with Permissions-Policy header: Unrecognized feature: 'run-ad-auction'.
Error with Permissions-Policy header: Origin trial controlled feature not enabled: 'join-ad-interest-group'.
Error with Permissions-Policy header: Unrecognized feature: 'private-state-token-redemption'.
Error with Permissions-Policy header: Unrecognized feature: 'private-state-token-issuance'.
Error with Permissions-Policy header: Unrecognized feature: 'private-aggregation'.
Error with Permissions-Policy header: Unrecognized feature: 'attribution-reporting'.
app.js?v=1.0.4:112 Uncaught TypeError: Cannot read properties of null (reading 'addEventListener')
    at HTMLDocument.<anonymous> (app.js?v=1.0.4:112:16)
(anonymous) @ app.js?v=1.0.4:112
app.js?v=1.0.4:88 Detected timezone from IP lookup: Europe/Brussels (Belgium)
app.js?v=1.0.4:181 Failed to load fixtures ReferenceError: Cannot access 'resultsBarContainer' before initialization
    at renderResultsBar (app.js?v=1.0.4:189:9)
    at fetchFixtures (app.js?v=1.0.4:179:13)
    at async resolveAndTimezoneFetch (app.js?v=1.0.4:103:9)
fetchFixtures @ app.js?v=1.0.4:181
await in fetchFixtures
resolveAndTimezoneFetch @ app.js?v=1.0.4:103
await in resolveAndTimezoneFetch
(anonymous) @ app.js?v=1.0.4:73
